// Jest Snapshot v1, https://goo.gl/fbAQLP

exports[`Home Page Test Suite renders correctly 1`] = `
Array [
  <section
    alt="Colored background containing contact and footer info"
    style={
      Object {
        "backgroundColor": "var(--background-yellow)",
        "boxShadow": "0 3px 2px rgba(0, 0, 0, 0.15)",
        "padding": "4rem",
      }
    }
  >
    <nav
      style={
        Object {
          "float": "right",
          "marginTop": "-1rem",
        }
      }
    >
      <a
        href="/"
      >
        Home
      </a>
    </nav>
  </section>,
  <section
    alt="Colored background containing contact and footer info"
    style={
      Object {
        "backgroundColor": "var(--background-yellow)",
        "boxShadow": "0 3px 2px rgba(0, 0, 0, 0.15)",
        "padding": "4rem",
      }
    }
  >
    <div
      style={
        Object {
          "paddingBottom": "3rem",
          "paddingTop": "3rem",
        }
      }
    >
      <div
        className="profile-image gatsby-image-wrapper"
        style={
          Object {
            "maxHeight": null,
            "maxWidth": null,
            "overflow": "hidden",
            "position": "relative",
          }
        }
      >
        <div
          aria-hidden={true}
          style={
            Object {
              "paddingBottom": "NaN%",
              "width": "100%",
            }
          }
        />
        <img
          alt=""
          aria-hidden={true}
          src="data:image/png;base64,iVBORw0KGgoAAAANSUhEUgAAABQAAAAbCAYAAAB836/YAAAACXBIWXMAAAsSAAALEgHS3X78AAAHRUlEQVRIxx2VaVTU1xnG52tja3Ji0rijgKIoOwwyM2zjAijLsA7DDsMmDLMwDAwIDNuMyI5IENQgghEkcQNBcCNatY2mak4StadJaqI1nmjt8UO/9PT8esOHe87/f5fnfd7ned97JfqiGMqKomh3FDN3eZYbd+7x8vUbfnz+mhev3/LD019oczSRlbKHqwu3+P75rxw7OsTUzAx/e/qCf7z4NxcvXWH81EnmZ88j0e9NJj8nlIO9tcxfu8n0xXNcvz7HlesL3Pv6CQs379De2ow2PV7MfSEAXjEw0MPk2Ql+/OcrsX6bsbFRLkzPcP/ht0isFTnUWHI4NT7I/W++Y3JiGIetgL7uOs5PTQnW13A0VFGcp+HCxVm+/OrhIpuzUzO8fPtfRkeO0WavZ3pmjrv37iGpNkTTUpPH2Il+bv/5DiMjB6k2ZdF1wMrs5Ss8+uEZ3e12KstLxdowoyc+YXCgj8/OXeDpL7/S1myhzpTL8OB+Lk5/hqSuPIL9lmTsVVk0W7XYLGoMhTF0tpg5c2aShRsLWI1ajCUZGIszqDFm0tdhY3buMjduLWCzZlFVGEujNVVo2y4YFkXSWq3BZkyiskiFpTCSsuxwHIK1VZ9Kf08L9VYDjuZ9jJ8+zednzwlZxpgY7eL4YYs4q6YyL4qmsgQ6ajOQNBoT6apNp65URZ0uAVPuDnQZSjprNTSIIPXGVKbnrnDv8c9899Mrnjx7w5Pnbzk9eYzacgX7SndgTAuhPCuEVlMkEntNLCMdRXRWZ9JQlkSDIZYqwfpgbSo9+0Qah+zcevCY+T99xfl5UQVXb3HtzgPuP3lGb1cF5TlyipOCKNcqaDHvQWIzRzG4P0cAZtNsSMFujqXJFEuPNZEhezGXLkwxeekmg2NnOPTJOP3DE4yemeXq7a+Zmb9EdYESk0aGOVtBQ7kKSWtVEv0tBbSa1dQVxeEwJdJmSWF/RTRDzWX02aqFYZUcqavgcI2J3iojtgozfUMjXP/LQxzCTH2SH5bsMOqKdyE5IBzuqtPQYlChT1ViL0+gpzYNuyGO1vIc8iKCeXBkP/+Z/5SXU8O8mR7hm5EOGguEHCdOMdR/gNIEb6pEc+jUst8YptPflIU1L4LyzF0061V0WVM4WJOMuVBNfW4Sp5uMHDNkM9VooCM3gV59Jt0lGuIjI4SOjehTfDCmB5Eb74mkV3SFoyIRc04YFuFuky6W7upUeoUhxqwoqpN3UBYdTJzfJioi5WQovMmPkNGSGUVR9A5MxamUqf3RxvlgyAhC0l6VjE2kp08PxZiiwJgRQkNJDNb8KCzaaIZFsT8ebme6ycTfT/Rxp3cfT4538u2RFj6tK6EwYZtgJ6NUHYQxNxTJQGMGtWUx6DUhmDPCqdLuxJKjxKBRsFcdRpsujTFjLoeyY5ixGTlSkCS+VcyIAF0mLdqEnehS/CgR+4s0ciSdVg11ZbHoBKAuSUZ+nFRU/nYhsJSUCA/yo2W0itR7ihPJDvZGHxOMPSOS2tRIoZ2S/rYOkuOiiQ91IidRikSXth1bSSy1xVEUxAaQJ0Zq5BZqMtXk7LEg99qGQSWjv1jUaNx2OtJ206aNQxPmi6/bBnKNd8lOO06ici0aQUCSneiHIT2MffmRlCRI2Sn3RauO5sahJKYdyQJQibezGz26ZObses41lZKu9GX5O0tY77+Xmoy7FKomiN2tID7EFYlBGy6MCMOcFkxD/g7kfp5oRaT/nf2IvzqWYlatQbFpLfFBnpgStpOm3Ma773yEZHkBjYkn6FJ+jF+4lYR4FRq1GkmxsNooGrs2LxxTWji794gbZ7sXn5ek8vHeNrqbWogO3k1TpowQt2UErP8D+ng5HbsP07u1mg9XqZEGhVBUqCMpJQtJUZoMY2Yo5vQQEnaFsVWupN3dn59SwpgcmKSv7QLNFQ2cbMpmuCaLisJObJp65K4WPtiYxvLVzgRK5agSUvHzF3VYmimaWxuGTnSJVEy4uG8hc7OCa5t8edS1h399UcRoTimR4UdZ71XP71eb+N2aXDy2pVCYayBEsRNf30C8vALw8xOAlaKAdUK/lDglbps8cHf3oCjPhMM8QndGLo+OLIXjXnRW9LBk2Uo+fH8ZTqtW4uHujVwmSEiDBVAgTk4b8PEVZVNfHIMpexeyQCmuLm6s3+hBtUrF99evMTTxM466QeyVabz7/gqWCGeXr1jDe+99wIqVa9jo5o63TwC+i4CueHn7C4YFO9mbGy0o+7FunTNbtvoQ6OvP+NFh8Yq9pG/gMmucPFmyZCkbN23F09MPT7E3QCpDEaxcZOXtHbAIuNXDB4lZuwuFXI6LqxvOzq5i0Q8Xl40C2F88Ul+SlJTHR39cyVonF1w3bMZDHPIPCBIGbEMaKF9k5+Hpi9O6DYLQBpFyVRyhoVJWrVongFzx8ZHi5raZwMAQTo7fFv9BrFrthLOQw81tiwjkvQgiDVQsAv823Ld4s3aty6Ic/wcmoshbqIq2PAAAAABJRU5ErkJggg=="
          style={
            Object {
              "height": "100%",
              "left": 0,
              "objectFit": "cover",
              "objectPosition": "center",
              "opacity": 1,
              "position": "absolute",
              "top": 0,
              "transitionDelay": "500ms",
              "width": "100%",
            }
          }
        />
        <img
          alt=""
          aria-hidden={true}
          src="data:image/svg+xml,%3csvg%20xmlns='http://www.w3.org/2000/svg'%20width='400'%20height='533'%20viewBox='0%200%20400%20533'%20preserveAspectRatio='none'%3e%3cpath%20d='M3%202v4l1%201c2%200%201%202-2%206-2%203-3%2013%200%2012l2%204%203%204c1-1%205%202%205%204s-4%206-7%206c-2%201-2%201-1-1l-1-1-3%201v3c0%203%202%204%206%204%202%201%204%204%203%205l-2-1c-1-1-1-1-1%201%200%203%200%203-2%202H2c-1%201-1%201%201%202%202%200%203%201%204%203%201%203%201%203-1%203s-3-1-3-2H2c-2%201-2%207-1%2010v11c1%201%202%200%203-2l2-2%202%202c1%203%201%205-2%205H0v58l2%202c4%203%203%2013%200%2012-2-1-2%204-2%2021l1%2021%201-3c0-4%202-6%203-4s0%207-1%207-2%201-2%204l-1%204-1%2024%201%2023c2-1%202-6%201-7-2-2%200-10%203-10%201%201%201-4-1-10s0-8%206-4c3%202%203%203%202%206v4l2-3%202-2v4c0%204-2%209-6%2015-4%205-1%208%204%204%204-3%2014%200%2014%205%200%202-4%203-6%202-2%200-2%200-2%202%201%203-2%204-4%202h-5c-3%200-5-1-6-5v-3l-3%204c-3%205-3%2014%201%2017%201%201%203%202%203%204%201%202%202%202%203%202%203-1%203%200%201%205l-2%203%203%206c3%206%203%206%201%209l-1%206v2H7c-3-1-4-5-1-6v-4H2c-2%201-2%201-2%2076v76l3-1h5v2l-5%204-3%203v18l1%2018c2%201%202%205%201%205-2%200-2%201-2%203l1%203c2%200%203%204%202%205H1l-1%205c0%204%200%204%203%204%203-1%207%202%206%205-1%202-2%202-4%201-3-1-5-1-5%201%200%201%201%202%206%202%204%200%206-1%205-2l2-1h1c-1%203%202%203%2063%203%2056%200%2060%200%2060-2l2-17c0-18%200-19-7-22-4-1-12-9-13-13-1-3-1-3-4-2-2%200-2%200-1-1%200-2%200-2-4-1-4%200-4-1%203-4%204-3%205-3%205-8%201-6%201-7-4-7l-17-6c-2-2%2013-3%2021-2l5%201-7-8-7-9c0-2%2015%2011%2018%2016%204%205%205%205%205%201%200-6%204-9%2012-6%205%201%207%203%204%203-6%200-10%206-6%2011l1%202%201-3%205-5c4-3%206-2%203%201-5%205%200%2010%207%206%204-3%207-3%206%200%200%202%203%203%2011%205%203%202%204%202%204%206l2%206c1%202%201%203-1%206l-2%208c0%208-2%2015-4%2018-4%203-11%204-14%202-2-1-2-1-2%202-2%2011-2%2013%200%2017l1%205h29a124%20124%200%200030-1l92%201h90V309l-1-219c-1%206-1%207-4%203l-1-1-3%205c-2%202-3%203-2%205%201%204%200%204%205%200l5-3v4c0%203%200%204-2%204s-5%202-5%204-4%204-7%204l-2%202h-4c-4-1-4-3-1-4%205-2%207-7%205-10-2-1-2-1-3%202%200%204-2%205-4%202-1-2%200-6%201-8%201-1-7-14-11-17-2-1-2-2-2-4%201-2%201-2-1-3s-3-2-4-6c-1-2-2-4-2-2%200%203-3%209-5%2011l-2%204c0%202-1%203-3%202V70c-2-4-3-9-3-17%200-6%200-7-3-8-4-3-6-2-6%200-1%203-4%204-6%203s-2-1-3%203l1%205c2%203%201%206-1%2011a1695%201695%200%2000-5%2014c2%203%202%205%200%207-1%202-1%202%201%203h3c2-1%207%201%2010%204%204%205%203%2013-2%2010-3-1-3-1-5%202l-3%204c0%202-3%200-4-3s-1-3-2-2c-2%201-3%201-4-1-3-2-3-9%200-9v-3h-3c-2%202-3%207-2%207l1%207v6l2-2c2-1%202-1%204%201l3%201%202%201-1%201-2%203-2%202h-1l-2-2-3-4-1-1-1%2010c0%208-1%2011-2%2011l-3-7-1-3-2-4c0-6-3-8-8-5-1%201-2%202-3%201-2-2-4-1-5%201-2%203%200%2010%203%209%201%200%202%200%201%202l5%2010a515%20515%200%200121%2035l2%209c2%203%203%208%203%2010l2%205c4%205%205%2013%204%2027v20c-1%207-2%2012-5%2019-2%206-4%206-2%200%202-5%202-17%201-20v-1l-1-1-1-5-2-3-1-2-1-2-1-2-2-5-3-4-1-1-3-4-5-6-6-6-3-3-4-2-2-3h-2l-3-2-3-2h-2l-4-2-3-1h-2c-2%200-2-1-2-2%200-2-2-1-2%201-1%201-1%201-4-1l-4-2-3-1h-5l-3-1h-3l-9-1h-8l-1-1h-1l-7%201-10%202h-4l-1%201-3%201-3-1h-1l-2%201-1%201-3%201-3%202-2%201-2%202c-2%202-4%201-6-3-1-4-3-3-3%201l-1%203c-4%200-19%2018-18%2021l-1%204c-1%201-1%202%201%204v5l1%201c2%200%202%203%201%206-2%203%200%2014%203%2022l2%207c-1-2-3-2-4-2l-2-2c0-2%200-2%201-1%202%202%202%201%200-4l-3-10-2-6v-2l-1-7c-1-3-2-6-1-7%200-2%200-3-4-3s-5-1-4-4v-3l4%201c3%201%203%202%203-11l1-8c3-6%203-10-1-13-5-5-5-5-8-1-1%202-2%202-5%201-4%200-4%200-7%204l-6%206-2%201%201-9c0-11%200-11%203-11s5%201%205%203l1%202%201%202%203-2%204-3c2%200%201-3-1-4-2-2-3-5-2-7l1-9c0-5%201-8%202-8%202-1%202-2%200-4v-13c2-1%205%201%206%204%201%202%201%202%203%201h1l4%206c4%204%204%204%204%2011%200%205-1%208-2%208-3%200-6%207-3%209l1%203v4c1%202%201%202%205-3l3-6%203-3c2-4%203-6%201-6l-2-3c-1-3%200-3%204-3%203%200%204%200%207-3l4-3c1%200%203-5%203-8%200-2-1-3-3-5-3-3-8-16-6-19%200-2-8-16-10-15l-3%204c-2%203-4%204-6%201l-5-2c-2%200-4-1-5-3-2-2-4-3-3-1%201%201%200%202-1%203-2%200-2%200%200%202%202%201%200%205-2%204l-1%202c1%204-2%206-4%204-2-1-2-2-1-4v-2l2-1c3%200%203%200%202-2l-1-2-5-4c-2-1-3-2-4-5%200-4%200-4-4-12-2-5-2-10%200-10s5-4%205-7v-7l-3-3c-1-2-6-3-6-1l-4-5c-1-3-3-2-5%201-1%202-2%203-4%202-2%200-2%200-1%202s0%2010-2%2011h-2c-3%201-1%204%202%204s4%201%205%206v6c1%204%200%206-4%203-2-2-2-2-3%200l-1%202c1%202-1%205-3%205-2-1-3-8-2-10v-1l-3%201-1%203-3%203-5%202h-5l-6-1c-6%201-9%203-8%206l-2%204c-2%202-2%202-6%201-6-1-6-2%200-5%206-2%207-4%206-7v-3c0-2-2-4-3-2%200%203-3%202-6%200-1-1-3-2-4-1v-2c0-2%200-4-2-6-3-4-4-4-5-1l-4%204c-5%201-5%201-5%205%200%203%200%203-2%203s-2-1-2-4v-5c0-5%201-7%203-7%203%201%204%200%205-4l2-3%201-1h-3c-2%200-3%201-3%203l-3%203c-3%200-5-5-3-7l6-12c0-3%202-3%204%201l3%204%202%202%202%205%201%204%201%202c0%201%201%202%203%201%203%200%204-2%201-4-4-3-3-9%200-11%201-1-1-4-3-4l-2-3c-3-3-1-6%203-6%205%202%205%201%206%200l-1-2c-3%200-4%200-4-3s-2-6-4-6h-4c-4-1-4-6%200-7%203%200%205%202%204%204l1%202%201-3c0-1%205-3%207-1l2%204%201%204%201-4%202-3c3%200%203-4%201-7-2-1-3-4-4-6-1-5-3-6-3-2%200%203%200%204-2%204-4%200-4-2-3-6%201-2%200-2-16-2-15%200-17%200-17%202%201%201%200%201-1%201L7%205H6C5%204%206%203%207%202c1-2%201-2-2-2S2%200%203%202m185%201c1%202%200%203-1%205-1%201-2%202-1%203h2c1-2%203%203%202%205l1%203v6c-1%201%200%2010%201%2012%202%202%201%206-2%205-3%200-3%201-3%204%201%203%201%203-1%203-4-1-4%201%200%205%204%205%205%209%204%209l2%204c3%203%204%204%203%206l-1%2010-3%208c-2%200-3-4-2-6v-9l-2-1-4%204c-2%205-2%2023%200%2028l1%207c0%205%202%205%205%202%202-2%2015-7%2024-8a16960%2016960%200%200014-5c0-3%202-3%204%200%202%202%202%202%204%201h7c16%203%2015%203%2017%201l2-4c0-4%202-7%202-5%201%201%202-1%203-4%203-9%203-9%201-11s-4-2-4%201-4%2010-5%208l-2%203c-2%204-6%204-7%200l-1-3-1-4-2-5-4-6c-1-4-2-4-5-4-1%200-2%200-3-2l-1-2c-1%200-2%206-1%208v3l-2%204-1%202-1%204c-1%203-4%204-5%201l-3-1c-2%200-4-5-4-12%200-6-2-12-3-8%200%201-1%202-3%202-3%200-3-2%200-9%202-7%205-6%205%201v3l2-3%202-6c0-2%201-4%203-5%203-3%204-6%201-8s-5-10-4-14l1-8%202-16V1h-5v2c-1%203-4%202-5%200-1-4-14-4-14-1-1%204-4%204-4%201s0-3-3-3c-2%200-2%200-2%203m81%2038c-3%203-3%204-2%206%202%201%201%206-1%206l-1%201%201%201%201%201-2%201c-1-1-2%200-2%207v9h5c5%200%206-3%201-6-3-2-3-2-2-4l2-6%202-7c1-2%202-9%201-11%200-1-2%200-3%202m-63%2040c-3%204%201%2020%204%2020%205-1%205-5%201-13l-1-5c-1-3-3-4-4-2M23%2089c-3%201-3%207%200%209v8c-1%2010-1%2012%201%2012%201%201%205-2%205-4s4-4%206-4l3-1c0-2%200-2-3-1h-3c-2-3-1-4%202-4%204-1%204-2%201-5l-2-6c0-4-4-6-10-4m97%2019c-3%203-3%206%201%207%203%201%204%207%202%208-1%201-2%202-2%205l-2%2016c-1%204%200%206%204%208s4%202%206%200c3-3%203-2-1-5l-4-2%203-2c2-2%202-4%201-5v-8l-1-6c-2-2%200-3%204-2%203%200%203%200%205-4%201-3%201-3-1-5s-5-2-5%201c1%202%200%202-3%200l-2-3-1-2-1-2c0-1-1-1-3%201m-93%2019l-2%202-3-2c-4-2-5-2-5%203%200%202-6%203-8%201H7l1%203%201%201%202%201%205%202c3%200%207%203%207%205s-4%203-7%202l-2-1-1%203c0%202%201%203%203%205%203%203%203%203%203%207v14c-2%203-1%206%203%207%203%202%203%203%203%2010l-2%206-4%202c-3%203-5%203-5-1%200-5-1-7-3-7v-4c-1-1-4%2010-3%2013l2%204c3%203%204%207%204%209-1%202%201%204%203%204%202-1%202-2%202-6%200-6%201-7%205-7l4-1%202-1v2c-2%202-2%206%200%207s4-2%205-7c2-5%203-5%204-2%202%203%202%203%205-4%201-3%203-6%205-7%201-1%202-2%201-4%200-2%200-3%202-4l2-4c0-2%204-5%206-4%202%200%204%200%206-2%205-6%200-8-6-3l-6%204v-3c-1-2-3%201-2%203%200%203-6%206-10%205h-4l-2%202v-4l2-3c1-2%201-2%202%200%200%203%202%203%202%200%200-2%201-5%205-9%202-4%203-7%201-9-3-4-6-2-6%204l-2%204c-2%200-1-8%201-10s1-10-3-18c-2-5-3-6-4-3-1%202-4-2-4-5%201-3-1-3-3%200m70%2041l-2%204v23l1%203c-3%201-5%203-5%207v5c-1%201%200%206%202%2010l6%202c5%200%206%200%206-2%201-2%202-2%203-2%202%200%203%200%204-2%201-3%201-3-1-5l-2-3-1-1c-2%200-5-7-5-10l-2-4c-2-3-3-14-1-18%201-4%201-7-1-7l-1-2c-1-1-1-1-1%202m102%2022c-9%202-15%206-18%2011a243%20243%200%2001-10%2017c-3%204-7%2016-7%2019%200%202%201%202%204%202s5-1%203-3l1-1%201-1v-1l1-1%203-1%208-2c8-2%2034-1%2037%201%201%201%207%200%207-1l3-1%206-1%2012-2%2011-1%202%202%208%201c7-1%2015%201%2015%203l2%201c1%200%202%200%201%201l1%201%206-1h5l-3-6a71%2071%200%2000-46-35c-11-3-44-4-53-1M42%20204v3c0%202%200%203-2%203l-2%201-3%201c-3%200-6%204-6%207l-2%205-2%202v-3c-1-3-3-3-5%200-3%204-2%204%202%204h3c0%202-4%207-5%208s1%204%204%204c2%201%203%200%204-1%201-2%203-3%206-1s5%200%205-5c-1-5%200-11%202-12%2010-3%2013-7%208-10l-6-5c0-2-1-2-1-1m80%2017l-4%203-3%203c-3%201-3%201-3%205v6l-2%206c0%205%200%205-3%204l-3%201c0%202%201%202%202%202h2c0%203%208%2014%2011%2016%204%203%207%203%206%200l-3-3-3-5-3-4-2-4c0-4%200-4%202-3s5%200%205-3c0-2%202-1%204%202%202%205%204%206%207%204%201-1%201-2-1-6-3-7-3-12-2-16%202-2%202-3%201-5-3-5-4-5-8-3m180%2023l-3%208c-3%2012-4%2015-7%2019-4%205-12%2010-17%2011h-4l5%205%206%204%201%201c1%202%205%202%206%200%200-2%201-2%201-1l5%205v-3l2%201c2%203%203%203%203%200-1-3-1-3%202%200%202%202%203%202%203%201l-1-3-1-2c0-1%201-1%202%201h3v-1c-1%200-3-5-2-6l1-6a79%2079%200%20012-13l1-3c1%200-1-12-3-17-1-4-2-4-5-1m-10%204h-9l-10%201-4%202h7l-5%202c-5%200-6%202-1%202%202%200%202%200-1%202-6%203-10%202-18-1l-8-3c-1%201-2%200-2-1h-1c0%201%204%2015%206%2016l2%204c6%2011%2030%2011%2040%200%205-5%207-12%207-20v-6l-3%202m-127%203c-2%202%201%2015%204%2020%205%209%2011%2013%2022%2013%2014%200%2024-9%2026-23%200-5%200-6-2-6l-6%202-3%201-1%201-2%201v-1l-5-1c-4%200-5%200-4-1s0-1-4-2l-6-1%203-1h-18l-1-1-2-1h-1m60%202c-2%201-7%2014-7%2021-1%203-1%205-3%207-2%201-3%204-4%206v3l3-1h37v-3c0-2-1-4-5-7-3-2-4-4-4-5%201-2-7-19-10-21h-7m-61%2018a86%2086%200%20003%2017l2%203%202%201c1%201%201%200%202-1l1-1c0%202%204%202%204%200l1-1%203-2%201-2c-5%200-13-7-17-13l-3-5%201%204m-149%203c-2%202-2%203-2%206l1%2012c1%207%202%2010%203%205l1-5%201-9-2-11-2%202m13%2015c-3%202%200%206%205%209%209%205%2011%203%205-5-4-5-7-6-10-4m179%209l-3%202-1%202-1%203v2l-1%202h-1c0-4-2-1-2%203-1%204%200%205%202%202l3-2v-1l1-1c1%201%201%201%200%200%200-2%200-2%201-1l4-2c2-1%203-1%201%202l-1%201-2%202v2h1c0-2%201-2%202-1v3l2-2%202-5-1-2-1-3%202-4v-3c-3-3-3-3-7%201m111%205c-2%200-2%200-2%205v12l5-1c5%200%205%200%201%201-6%201-8%203-2%202%203%200%205%200%208%202%205%203%205%203%206-5%201-6%201-7-2-10-3-5-9-7-14-6m-181%2023l-10%2011-3%203-2%203-16-1-13%201%206%203%204%203v-2c0-2%200-3%208-3%2010%200%2010%200%208%204-6%209-7%2023-3%2034a149%20149%200%200055%2072c1%202%2015%209%2016%208h1l-1%202c-2%202-1%204%203%204%203%200%204-1%208-8l6-8c1%200%2011-9%2012-12%202-3%200-4-5-7-9-3-9-3-11%204-2%208-6%2017-7%2015l1-3v-3l-1-3-1-2-2-3c0-2-1-3-2-3l-1-3v-2l-2-2-4-2-3-2c-1-1%200-4%202-4l1-1%203-2%203-1%207-2c7%200%208%200%208-3%200-2%202-5%203-5l1%204%201%204v-2c0-3%202-6%203-6l1%203v4a122%20122%200%200025-2c2%200%202%200%201-5%200-5%202-8%203-3%201%202%201%202%204%202%203-1%203-1%203-5-1-2-1-2-3-2h-1c3-3%202-3-2-2h-15c-1-3-6%203-6%207l-2%202c-4%200-1-9%202-11%202%200%202%200%201-1-3%200-5%201-6%207l-3%206c-1%200-1-5%201-10%202-4%201-4-7-4-8-1-9%200-10%207-1%204-2%205-3%203s1-8%203-10v-2c-3%200-4%202-5%207%200%204-1%205-2%203-2-3-9%201-9%205l-1%202-1-1-2-2c-2%200-2%200-1%202%202%206%201%207-3%202-2-3-5-1-5%203%200%202-1%203-2%203-2%200-2-2-1-8l3-14%202-13v-4l-1-5c1-10-5-5-12%208-7%2014-9%2029-7%2039%202%207%201%207-6%200-4-4-7-8-11-19l-4-6c-3-4-2-12%202-13l4-5c3-6%205-7%207-2v3l1%201%201%2020c0%2019%201%2020%202%204%201-14%202-19%203-20l1-2c0-2%201-5%203-7%202-1%202-3%202-5v-4l1-2%201-2%201-2%201-1v-4l1-1h2v-8c-2-3-7-4-11-2l-6%202-6%202c-1%201-2%200-5-2-5-4-4-5%202-4v-2l-2-2%209-3c1%201%203%200%204-1l3-2%203-1-1-1-3-1c-1-3-7-2-11%201m70%202l-3%203-2%202%202%201%202%202c2%200%202%200%201%201v3l1%201v1l2%203c1%201%202%202%201%203l2%202c1%201%201%201-1%201-1%201-2%201-1%202s2%202%203%201l-1%201v2l2-1c1-2%202%200%201%203v4l2-3%203-3h2c2-1%205%200%205%201h3l3-1h2c1%202%201%202%202%201h1l-1%203-1%201%202-1c2-2%202-2%203-1%202%202%202%202%202-1%201-3%201-3%203-2h1v-1l1-1c0-3%202-2%202%200%201%201%201%200%201-1-1-2%200-3%201-4l1-2c0-1%200-2%201-1l1-8%201-2%201-2%201-3v-2l-2-1-2%201c-2%201-2%201-1%202v1c-2%200-2%201-2%203l1%204-18-1c-21%200-22%200-22-4l-2-7h-4m109%2014c-2%201-1%202%201%202l3%201-3%201c-2%200-3%200-4%204l-5%208c-4%203-4%204-3%205%202%200%203%203%201%204l-3-1c-1-2-3-2-3-1-1%200%200%202%202%203l3%202%203-3c7-9%2017-23%2016-25h-8m-46%2044a49%2049%200%2001-23%209c2%200%203%201%204%205v4l-1%201c0%202%208%200%2018-5%206-3%208-5%208-6l1-2c2%200%201-4-1-6-3-2-4-2-6%200m-112%2081c-2%201-3%202-2%203l1%204c1%205%203%206%207%202%204-3%205-6%202-8s-3-2-8-1m15%2021l-4%205-5%205-4%204c-1%203-1%203%202%204%209%205%2015-1%2015-15%200-5-1-6-4-3'%20fill='%23d3d3d3'%20fill-rule='evenodd'/%3e%3c/svg%3e"
          style={
            Object {
              "height": "100%",
              "left": 0,
              "objectFit": "cover",
              "objectPosition": "center",
              "opacity": 1,
              "position": "absolute",
              "top": 0,
              "transitionDelay": "500ms",
              "width": "100%",
            }
          }
        />
        <noscript
          dangerouslySetInnerHTML={
            Object {
              "__html": "<picture><source type='image/webp' srcset=\\"/static/d95395114e045ae829d12e11875c30be/61e93/dublin.webp 200w,
/static/d95395114e045ae829d12e11875c30be/1f5c5/dublin.webp 400w,
/static/d95395114e045ae829d12e11875c30be/58556/dublin.webp 800w,
/static/d95395114e045ae829d12e11875c30be/99238/dublin.webp 1200w,
/static/d95395114e045ae829d12e11875c30be/f005b/dublin.webp 1493w\\" /><source srcset=\\"undefined\\" /><img loading=\\"lazy\\" src=\\"\\" alt=\\"\\" style=\\"position:absolute;top:0;left:0;opacity:1;width:100%;height:100%;object-fit:cover;object-position:center\\"/></picture>",
            }
          }
        />
      </div>
      <div
        style={
          Object {
            "display": "flex",
            "justifyContent": "center",
            "marginTop": "1.5rem",
          }
        }
      >
        <h1
          style={
            Object {
              "color": "var(--text-color)",
            }
          }
        >
          Dublin Anondson
        </h1>
      </div>
    </div>
  </section>,
  <section
    alt="profile description"
    style={
      Object {
        "backgroundColor": "var(--background-peach)",
        "boxShadow": "0 3px 2px rgba(0, 0, 0, 0.15)",
        "padding": "4rem",
      }
    }
  >
    <h1
      style={
        Object {
          "color": "var(--text-color)",
        }
      }
    >
      Hello.
    </h1>
    <div
      style={
        Object {
          "color": "var(--text-color)",
          "display": "flex",
          "flexDirection": "row",
          "flexWrap": "wrap",
          "justifyContent": "space-between",
        }
      }
    >
      <section
        style={
          Object {
            "fontSize": "1.05rem",
            "maxWidth": "24rem",
            "padding": "1rem",
          }
        }
      >
        I'm Dublin Anondson. I'm a developer living in
        <a
          className="link"
          href="https://northwestarkansas.org/"
          rel="noopener noreferrer"
          target="_blank"
        >
           Northwest Arkansas 
        </a>
        with my lovely wife Rachel. It's gorgeous here but sometimes we wish we were closer to some mountains ⛰️. I write code up the street at
        <a
          className="link"
          href="https://movista.com/"
          rel="noopener noreferrer"
          target="_blank"
        >
           Movista. 
        </a>
      </section>
      <section
        style={
          Object {
            "fontSize": "1.05rem",
            "maxWidth": "24rem",
            "padding": "1rem",
          }
        }
      >
        I'm usually juggling a couple personal projects at a time, which you can find on
        <a
          className="link"
          href="https://github.com/Danondso/"
          rel="noopener noreferrer"
          target="_blank"
        >
           GitHub. 
        </a>
        Including a
        <a
          className="link"
          href="https://pedantic-fermat-392953.netlify.com/"
          rel="noopener noreferrer"
          target="_blank"
        >
           movie search app 
        </a>
        and a minimalist
        <a
          className="link"
          href="https://github.com/Danondso/basic-music-player"
          rel="noopener noreferrer"
          target="_blank"
        >
           spotify clone. 
        </a>
        Some of my past professional work includes shipping a user management system for
        <a
          className="link"
          href="https://apps.apple.com/us/app/fsbp-track-it/id1458886205"
          rel="noopener noreferrer"
          target="_blank"
        >
           FSBP TrackIt. 
        </a>
      </section>
      <section
        style={
          Object {
            "fontSize": "1.05rem",
            "maxWidth": "24rem",
            "padding": "1rem",
          }
        }
      >
        When not at the computer I'm usually making/listening/experiencing music or exercising. I volunteer some time every month to help others through
        <a
          className="link"
          href="https://askadev.org/"
          rel="noopener noreferrer"
          target="_blank"
        >
           AskADev. 
        </a>
        I also publish some guides (and other stuff) over on
        <a
          className="link"
          href="https://dev.to/danondso"
          rel="noopener noreferrer"
          target="_blank"
        >
           dev. 
        </a>
      </section>
    </div>
  </section>,
  <section
    alt="Contact Section of anondson.dev"
    style={
      Object {
        "backgroundColor": "var(--background-green)",
        "boxShadow": "0 3px 2px rgba(0, 0, 0, 0.15)",
        "padding": "4rem",
      }
    }
  >
    <h1>
      Let's get in touch.
    </h1>
    <section
      style={
        Object {
          "fontSize": "1.05rem",
          "maxWidth": "24rem",
          "padding": "1rem",
        }
      }
    >
      Drop me a line
       
      <a
        className="link"
        href="mailto:dublin@anondson@gmail.com"
        rel="noopener noreferrer"
        target="_blank"
      >
         here. 
      </a>
      If you want to get really professional about it here's my
      <a
        className="link"
        href="https://www.linkedin.com/in/dublin-anondson-4b562793/"
        rel="noopener noreferrer"
        target="_blank"
      >
         LinkedIn.
      </a>
    </section>
  </section>,
  <section
    alt="Colored background containing contact and footer info"
    style={
      Object {
        "backgroundColor": "var(--background-orange)",
        "boxShadow": "0 3px 2px rgba(0, 0, 0, 0.15)",
        "padding": "4rem",
      }
    }
  >
    <footer
      style={
        Object {
          "color": "var(--text-color)",
          "display": "flex",
          "justifyContent": "center",
        }
      }
    >
      ©
       
      2021
      , Made with love.
    </footer>
  </section>,
]
`;
