// Jest Snapshot v1, https://goo.gl/fbAQLP

exports[`SEO Test Suite renders correctly 1`] = `null`;
